// Jest Snapshot v1, https://goo.gl/fbAQLP

exports[`PageHeader should match snapshot with no props 1`] = `
<body>
  <div>
    <header
      class="header"
    >
      <div
        class="container"
      >
        <div
          class="logo"
        />
        <h1
          class="title"
        >
          WTWT in
        </h1>
        <div />
      </div>
    </header>
  </div>
</body>
`;
